scripts/kconfig/conf -o Config.in
#
# using defaults found in .config
#
*
* Busybox Configuration
*
*
* Settings
*
Enable compatibility for full-blown desktop systems (8kb) (DESKTOP) [N/y/?] n
Provide compatible behavior for rare corner cases (bigger code) (EXTRA_COMPAT) [N/y/?] n
Building for Fedora distribution (FEDORA_COMPAT) [N/y/?] n
Enable obsolete features removed before SUSv3 (INCLUDE_SUSv2) [N/y/?] n
Support --long-options (LONG_OPTS) [N/y/?] n
Show applet usage messages (SHOW_USAGE) [N/y/?] n
Support files > 2 GB (LFS) [N/y/?] n
Support PAM (Pluggable Authentication Modules) (PAM) [N/y/?] n
Use the devpts filesystem for Unix98 PTYs (FEATURE_DEVPTS) [N/y/?] n
Support utmp file (FEATURE_UTMP) [N/y/?] n
Support writing pidfiles (FEATURE_PIDFILE) [N/y/?] n
Include busybox applet (BUSYBOX) [N/y/?] n
Don't use /usr (INSTALL_NO_USR) [N/y/?] n
Drop SUID state for most applets (FEATURE_SUID) [N/y/?] n
exec prefers applets (FEATURE_PREFER_APPLETS) [N/y/?] n
Path to busybox executable (BUSYBOX_EXEC_PATH) [/proc/self/exe] /proc/self/exe
Support NSA Security Enhanced Linux (SELINUX) [N/y/?] n
Clean up all memory before exiting (usually not needed) (FEATURE_CLEAN_UP) [N/y/?] n
*
* Build Options
*
Build static binary (no shared libs) (STATIC) [Y/n/?] y
Force NOMMU build (NOMMU) [N/y/?] n
Cross compiler prefix (CROSS_COMPILER_PREFIX) [] 
Path to sysroot (SYSROOT) [] 
Additional CFLAGS (EXTRA_CFLAGS) [] 
Additional LDFLAGS (EXTRA_LDFLAGS) [] 
Additional LDLIBS (EXTRA_LDLIBS) [] 
Avoid using GCC-specific code constructs (USE_PORTABLE_CODE) [N/y/?] n
Use -mpreferred-stack-boundary=2 on i386 arch (STACK_OPTIMIZATION_386) [N/y/?] n
Use -static-libgcc (STATIC_LIBGCC) [N/y/?] n
*
* Installation Options ("make install" behavior)
*
What kind of applet links to install
> 1. as soft-links (INSTALL_APPLET_SYMLINKS)
  2. as hard-links (INSTALL_APPLET_HARDLINKS)
  3. as script wrappers (INSTALL_APPLET_SCRIPT_WRAPPERS)
  4. not installed (INSTALL_APPLET_DONT)
choice[1-4?]: 1
Destination path for 'make install' (PREFIX) [./_install] ./_install
*
* Debugging Options
*
Build with debug information (DEBUG) [N/y/?] n
Enable runtime sanitizers (ASAN/LSAN/USAN/etc...) (DEBUG_SANITIZE) [N/y/?] n
Build unit tests (UNIT_TEST) [N/y/?] n
Abort compilation on any warning (WERROR) [N/y/?] n
Warn about single parameter bb_xx_msg calls (WARN_SIMPLE_MSG) [N/y/?] n
Additional debugging library
> 1. None (NO_DEBUG_LIB)
  2. Dmalloc (DMALLOC)
  3. Electric-fence (EFENCE)
choice[1-3?]: 1
*
* Library Tuning
*
Use the end of BSS page (FEATURE_USE_BSS_TAIL) [N/y/?] n
Enable fractional duration arguments (FLOAT_DURATION) [N/y/?] n
Support RTMIN[+n] and RTMAX[-n] signal names (FEATURE_RTMINMAX) [N/y/?] n
Buffer allocation policy
> 1. Allocate with Malloc (FEATURE_BUFFERS_USE_MALLOC)
  2. Allocate on the Stack (FEATURE_BUFFERS_GO_ON_STACK)
  3. Allocate in the .bss section (FEATURE_BUFFERS_GO_IN_BSS)
choice[1-3?]: 1
Minimum password length (PASSWORD_MINLEN) [6] 6
MD5: Trade bytes for speed (0:fast, 3:slow) (MD5_SMALL) [1] 1
SHA1: Trade bytes for speed (0:fast, 3:slow) (SHA1_SMALL) [3] 3
SHA1: Use hardware accelerated instructions if possible (SHA1_HWACCEL) [N/y/?] n
SHA256: Use hardware accelerated instructions if possible (SHA256_HWACCEL) [N/y/?] n
SHA3: Trade bytes for speed (0:fast, 1:slow) (SHA3_SMALL) [1] 1
Non-POSIX, but safer, copying to special nodes (FEATURE_NON_POSIX_CP) [N/y/?] n
Give more precise messages when copy fails (cp, mv etc) (FEATURE_VERBOSE_CP_MESSAGE) [N/y/?] n
Use sendfile system call (FEATURE_USE_SENDFILE) [N/y/?] n
Copy buffer size, in kilobytes (FEATURE_COPYBUF_KB) [4] 4
Use clock_gettime(CLOCK_MONOTONIC) syscall (MONOTONIC_SYSCALL) [N/y/?] n
Use ioctl names rather than hex values in error messages (IOCTL_HEX2STR_ERROR) [N/y/?] n
Command line editing (FEATURE_EDITING) [N/y/?] n
Enable locale support (system needs locale for this to work) (LOCALE_SUPPORT) [N/y/?] n
Support Unicode (UNICODE_SUPPORT) [N/y/?] n
Use LOOP_CONFIGURE for losetup and loop mounts
  1. use LOOP_CONFIGURE, needs kernel >= 5.8 (LOOP_CONFIGURE)
  2. use LOOP_SET_FD + LOOP_SET_STATUS (NO_LOOP_CONFIGURE)
> 3. try LOOP_CONFIGURE, fall back to LOOP_SET_FD + LOOP_SET_STATUS (TRY_LOOP_CONFIGURE)
choice[1-3?]: 3
*
* Applets
*
*
* Archival Utilities
*
Make tar, rpm, modprobe etc understand .xz data (FEATURE_SEAMLESS_XZ) [N/y] n
Make tar, rpm, modprobe etc understand .lzma data (FEATURE_SEAMLESS_LZMA) [N/y] n
Make tar, rpm, modprobe etc understand .bz2 data (FEATURE_SEAMLESS_BZ2) [N/y] n
Make tar, rpm, modprobe etc understand .gz data (FEATURE_SEAMLESS_GZ) [N/y] n
Make tar, rpm, modprobe etc understand .Z data (FEATURE_SEAMLESS_Z) [N/y] n
ar (9.5 kb) (AR) [N/y/?] n
uncompress (7.1 kb) (UNCOMPRESS) [N/y/?] n
gunzip (11 kb) (GUNZIP) [N/y/?] n
zcat (24 kb) (ZCAT) [N/y/?] n
bunzip2 (8.7 kb) (BUNZIP2) [N/y/?] n
bzcat (8.7 kb) (BZCAT) [N/y/?] n
unlzma (7.5 kb) (UNLZMA) [N/y/?] n
lzcat (7.5 kb) (LZCAT) [N/y/?] n
lzma -d (LZMA) [N/y/?] n
unxz (13 kb) (UNXZ) [N/y/?] n
xzcat (13 kb) (XZCAT) [N/y/?] n
xz -d (XZ) [N/y/?] n
bzip2 (16 kb) (BZIP2) [N/y/?] n
cpio (15 kb) (CPIO) [N/y/?] n
dpkg (43 kb) (DPKG) [N/y/?] n
dpkg-deb (30 kb) (DPKG_DEB) [N/y/?] n
gzip (17 kb) (GZIP) [N/y/?] n
lzop (12 kb) (LZOP) [N/y/?] n
unlzop (13 kb) (UNLZOP) [N/y/?] n
lzopcat (13 kb) (LZOPCAT) [N/y/?] n
rpm (32 kb) (RPM) [N/y/?] n
rpm2cpio (21 kb) (RPM2CPIO) [N/y/?] n
tar (39 kb) (TAR) [N/y/?] n
unzip (26 kb) (UNZIP) [N/y/?] n
*
* Coreutils
*
Support verbose options (usually -v) for various applets (FEATURE_VERBOSE) [N/y/?] n
*
* Common options for date and touch
*
*
* Common options for df, du, ls
*
Support human readable output (example 13k, 23M, 235G) (FEATURE_HUMAN_READABLE) [N/y/?] n
basename (438 bytes) (BASENAME) [N/y/?] n
cat (5.6 kb) (CAT) [Y/n/?] y
  Enable -n and -b options (FEATURE_CATN) [N/y/?] n
  cat -v[etA] (FEATURE_CATV) [N/y/?] n
chgrp (7.6 kb) (CHGRP) [N/y/?] n
chmod (5.5 kb) (CHMOD) [N/y/?] n
chown (7.6 kb) (CHOWN) [N/y/?] n
chroot (3.7 kb) (CHROOT) [N/y/?] n
cksum (4.1 kb) (CKSUM) [N/y] n
crc32 (4.1 kb) (CRC32) [N/y] n
comm (4.2 kb) (COMM) [N/y/?] n
cp (10 kb) (CP) [N/y/?] n
cut (5.8 kb) (CUT) [N/y/?] n
date (7 kb) (DATE) [N/y/?] n
dd (7.5 kb) (DD) [N/y/?] n
df (6.8 kb) (DF) [N/y/?] n
dirname (329 bytes) (DIRNAME) [N/y/?] n
dos2unix (5.2 kb) (DOS2UNIX) [N/y/?] n
unix2dos (5.2 kb) (UNIX2DOS) [N/y/?] n
du (6.3 kb) (DU) [N/y/?] n
echo (1.8 kb) (ECHO) [Y/n/?] y
  Enable -n and -e options (FEATURE_FANCY_ECHO) [N/y] n
env (4 kb) (ENV) [N/y/?] n
expand (5.1 kb) (EXPAND) [N/y/?] n
unexpand (5.3 kb) (UNEXPAND) [N/y/?] n
expr (6.6 kb) (EXPR) [N/y/?] n
factor (2.7 kb) (FACTOR) [N/y/?] n
false (tiny) (FALSE) [N/y/?] n
fold (4.6 kb) (FOLD) [N/y/?] n
head (3.8 kb) (HEAD) [N/y/?] n
hostid (286 bytes) (HOSTID) [N/y/?] n
id (7 kb) (ID) [N/y/?] n
groups (6.7 kb) (GROUPS) [N/y/?] n
install (12 kb) (INSTALL) [N/y/?] n
link (3.2 kb) (LINK) [N/y/?] n
ln (4.9 kb) (LN) [N/y/?] n
logname (1.1 kb) (LOGNAME) [N/y/?] n
ls (14 kb) (LS) [Y/n/?] y
  Enable filetyping options (-p and -F) (FEATURE_LS_FILETYPES) [N/y] n
  Enable symlinks dereferencing (-L) (FEATURE_LS_FOLLOWLINKS) [N/y] n
  Enable recursion (-R) (FEATURE_LS_RECURSIVE) [N/y] n
  Enable -w WIDTH and window size autodetection (FEATURE_LS_WIDTH) [N/y] n
  Sort the file names (FEATURE_LS_SORTFILES) [N/y/?] n
  Show file timestamps (FEATURE_LS_TIMESTAMPS) [N/y/?] n
  Show username/groupnames (FEATURE_LS_USERNAME) [N/y/?] n
md5sum (6.5 kb) (MD5SUM) [N/y/?] n
sha1sum (5.9 kb) (SHA1SUM) [N/y/?] n
sha256sum (7 kb) (SHA256SUM) [N/y/?] n
sha512sum (7.4 kb) (SHA512SUM) [N/y/?] n
sha3sum (6.1 kb) (SHA3SUM) [N/y/?] n
mkdir (4.5 kb) (MKDIR) [Y/n/?] y
mkfifo (3.8 kb) (MKFIFO) [N/y/?] n
mknod (4.5 kb) (MKNOD) [N/y/?] n
mktemp (4.2 kb) (MKTEMP) [N/y/?] n
mv (10 kb) (MV) [N/y/?] n
nice (2.1 kb) (NICE) [N/y/?] n
nl (4.6 kb) (NL) [N/y/?] n
nohup (2 kb) (NOHUP) [N/y/?] n
nproc (3.7 kb) (NPROC) [N/y/?] n
od (11 kb) (OD) [N/y/?] n
paste (4.9 kb) (PASTE) [N/y/?] n
printenv (1.3 kb) (PRINTENV) [N/y/?] n
printf (3.8 kb) (PRINTF) [N/y/?] n
pwd (3.7 kb) (PWD) [N/y/?] n
readlink (4 kb) (READLINK) [Y/n/?] y
  Enable canonicalization by following all symlinks (-f) (FEATURE_READLINK_FOLLOW) [N/y/?] n
realpath (1.6 kb) (REALPATH) [N/y/?] n
rm (5.4 kb) (RM) [N/y/?] n
rmdir (3.5 kb) (RMDIR) [N/y/?] n
seq (3.8 kb) (SEQ) [N/y/?] n
shred (4.9 kb) (SHRED) [N/y/?] n
shuf (5.4 kb) (SHUF) [N/y/?] n
sleep (2 kb) (SLEEP) [Y/n/?] y
  Enable multiple arguments and s/m/h/d suffixes (FEATURE_FANCY_SLEEP) [N/y/?] n
sort (7.7 kb) (SORT) [N/y/?] n
split (5 kb) (SPLIT) [N/y/?] n
stat (11 kb) (STAT) [N/y/?] n
stty (8.9 kb) (STTY) [N/y/?] n
sum (4 kb) (SUM) [N/y/?] n
sync (3.8 kb) (SYNC) [N/y/?] n
fsync (3.6 kb) (FSYNC) [N/y/?] n
tac (3.9 kb) (TAC) [N/y/?] n
tail (6.8 kb) (TAIL) [N/y/?] n
tee (4.2 kb) (TEE) [N/y/?] n
test (4.1 kb) (TEST) [N/y/?] n
test as [ (TEST1) [N/y/?] n
test as [[ (TEST2) [N/y/?] n
timeout (6 kb) (TIMEOUT) [N/y/?] n
touch (5.9 kb) (TOUCH) [N/y/?] n
tr (5.1 kb) (TR) [N/y/?] n
true (tiny) (TRUE) [N/y/?] n
truncate (4.2 kb) (TRUNCATE) [N/y/?] n
tsort (0.7 kb) (TSORT) [N/y/?] n
tty (3.6 kb) (TTY) [N/y/?] n
uname (3.9 kb) (UNAME) [Y/n/?] y
  Operating system name (UNAME_OSNAME) [] 
arch (1.1 kb) (BB_ARCH) [N/y/?] n
uniq (4.9 kb) (UNIQ) [N/y/?] n
unlink (3.2 kb) (UNLINK) [N/y/?] n
usleep (1.3 kb) (USLEEP) [N/y/?] n
uudecode (5.8 kb) (UUDECODE) [N/y/?] n
base32 (4.9 kb) (BASE32) [N/y/?] n
base64 (4.9 kb) (BASE64) [N/y/?] n
uuencode (4.4 kb) (UUENCODE) [N/y/?] n
wc (4.5 kb) (WC) [N/y/?] n
whoami (3.2 kb) (WHOAMI) [N/y/?] n
yes (1.2 kb) (YES) [N/y/?] n
*
* Console Utilities
*
chvt (2 kb) (CHVT) [N/y/?] n
clear (tiny) (CLEAR) [N/y/?] n
deallocvt (1.9 kb) (DEALLOCVT) [N/y/?] n
dumpkmap (1.6 kb) (DUMPKMAP) [N/y/?] n
fgconsole (1.5 kb) (FGCONSOLE) [N/y/?] n
kbd_mode (4.1 kb) (KBD_MODE) [N/y/?] n
loadfont (5.2 kb) (LOADFONT) [N/y/?] n
setfont (24 kb) (SETFONT) [N/y/?] n
loadkmap (1.8 kb) (LOADKMAP) [N/y/?] n
openvt (7.2 kb) (OPENVT) [N/y/?] n
reset (345 bytes) (RESET) [N/y/?] n
resize (903 bytes) (RESIZE) [N/y/?] n
setconsole (3.6 kb) (SETCONSOLE) [N/y/?] n
setkeycodes (2.1 kb) (SETKEYCODES) [N/y/?] n
setlogcons (1.8 kb) (SETLOGCONS) [N/y/?] n
showkey (4.7 kb) (SHOWKEY) [N/y/?] n
*
* Debian Utilities
*
pipe_progress (275 bytes) (PIPE_PROGRESS) [N/y/?] n
run-parts (6.1 kb) (RUN_PARTS) [N/y/?] n
start-stop-daemon (12 kb) (START_STOP_DAEMON) [N/y/?] n
which (3.8 kb) (WHICH) [N/y/?] n
*
* klibc-utils
*
minips (11 kb) (MINIPS) [N/y/?] n
nuke (2.9 kb) (NUKE) [N/y/?] n
resume (3.2 kb) (RESUME) [N/y/?] n
run-init (7.7 kb) (RUN_INIT) [N/y/?] n
*
* Editors
*
awk (23 kb) (AWK) [N/y/?] n
cmp (4.9 kb) (CMP) [N/y/?] n
diff (13 kb) (DIFF) [N/y/?] n
ed (21 kb) (ED) [N/y/?] n
patch (9.4 kb) (PATCH) [N/y/?] n
sed (12 kb) (SED) [N/y/?] n
vi (23 kb) (VI) [N/y/?] n
*
* Finding Utilities
*
find (14 kb) (FIND) [N/y/?] n
grep (8.6 kb) (GREP) [Y/n/?] y
egrep (7.8 kb) (EGREP) [N/y/?] n
fgrep (7.8 kb) (FGREP) [N/y/?] n
  Enable before and after context flags (-A, -B and -C) (FEATURE_GREP_CONTEXT) [N/y/?] n
xargs (7.2 kb) (XARGS) [N/y/?] n
*
* Init Utilities
*
bootchartd (10 kb) (BOOTCHARTD) [N/y/?] n
halt (4 kb) (HALT) [N/y/?] n
poweroff (4 kb) (POWEROFF) [N/y/?] n
reboot (4 kb) (REBOOT) [N/y/?] n
init (10 kb) (INIT) [N/y/?] n
linuxrc: support running init from initrd (not initramfs) (LINUXRC) [N/y/?] n
*
* Login/Password Management Utilities
*
Support shadow passwords (FEATURE_SHADOWPASSWDS) [N/y/?] n
Use internal password and group functions rather than system functions (USE_BB_PWD_GRP) [N/y/?] n
Use internal crypt functions (USE_BB_CRYPT) [N/y/?] n
add-shell (3.1 kb) (ADD_SHELL) [N/y/?] n
remove-shell (3 kb) (REMOVE_SHELL) [N/y/?] n
addgroup (8.6 kb) (ADDGROUP) [N/y/?] n
adduser (15 kb) (ADDUSER) [N/y/?] n
chpasswd (18 kb) (CHPASSWD) [N/y/?] n
cryptpw (14 kb) (CRYPTPW) [N/y/?] n
mkpasswd (15 kb) (MKPASSWD) [N/y/?] n
deluser (9.1 kb) (DELUSER) [N/y/?] n
delgroup (6.4 kb) (DELGROUP) [N/y/?] n
getty (10 kb) (GETTY) [N/y/?] n
login (24 kb) (LOGIN) [N/y/?] n
passwd (21 kb) (PASSWD) [N/y/?] n
su (19 kb) (SU) [N/y/?] n
sulogin (17 kb) (SULOGIN) [N/y/?] n
vlock (17 kb) (VLOCK) [N/y/?] n
*
* Linux Ext2 FS Progs
*
chattr (3.8 kb) (CHATTR) [N/y/?] n
fsck (7.4 kb) (FSCK) [N/y/?] n
lsattr (5.5 kb) (LSATTR) [N/y/?] n
tune2fs (4.4 kb) (TUNE2FS) [N/y/?] n
*
* Linux Module Utilities
*
Simplified modutils (MODPROBE_SMALL) [N/y/?] n
depmod (27 kb) (DEPMOD) [N/y/?] n
insmod (22 kb) (INSMOD) [N/y/?] n
lsmod (1.9 kb) (LSMOD) [N/y/?] n
modinfo (24 kb) (MODINFO) [N/y/?] n
modprobe (28 kb) (MODPROBE) [N/y/?] n
rmmod (3.3 kb) (RMMOD) [N/y/?] n
*
* Options common to multiple modutils
*
*
* Linux System Utilities
*
acpid (9 kb) (ACPID) [N/y/?] n
blkdiscard (4.3 kb) (BLKDISCARD) [N/y/?] n
blkid (12 kb) (BLKID) [N/y/?] n
blockdev (2.3 kb) (BLOCKDEV) [N/y/?] n
cal (5.8 kb) (CAL) [N/y/?] n
chrt (4.7 kb) (CHRT) [N/y/?] n
dmesg (3.7 kb) (DMESG) [Y/n/?] y
  Pretty output (FEATURE_DMESG_PRETTY) [N/y/?] n
eject (4 kb) (EJECT) [N/y/?] n
fallocate (4.1 kb) (FALLOCATE) [N/y/?] n
fatattr (1.9 kb) (FATATTR) [N/y/?] n
fbset (5.9 kb) (FBSET) [N/y/?] n
fdformat (4.4 kb) (FDFORMAT) [N/y/?] n
fdisk (37 kb) (FDISK) [N/y/?] n
findfs (12 kb) (FINDFS) [N/y/?] n
flock (6.3 kb) (FLOCK) [N/y/?] n
fdflush (1.3 kb) (FDFLUSH) [N/y/?] n
freeramdisk (1.3 kb) (FREERAMDISK) [N/y/?] n
fsck.minix (13 kb) (FSCK_MINIX) [N/y/?] n
fsfreeze (3.5 kb) (FSFREEZE) [N/y/?] n
fstrim (4.4 kb) (FSTRIM) [N/y/?] n
getopt (5.8 kb) (GETOPT) [N/y/?] n
hexdump (8.6 kb) (HEXDUMP) [Y/n/?] y
hd (7.8 kb) (HD) [N/y/?] n
xxd (8.9 kb) (XXD) [N/y/?] n
hwclock (5.8 kb) (HWCLOCK) [N/y/?] n
ionice (3.8 kb) (IONICE) [N/y/?] n
ipcrm (3.2 kb) (IPCRM) [N/y/?] n
ipcs (11 kb) (IPCS) [N/y/?] n
losetup (5.5 kb) (LOSETUP) [N/y/?] n
lspci (6.3 kb) (LSPCI) [N/y/?] n
lsusb (4.2 kb) (LSUSB) [N/y/?] n
mdev (17 kb) (MDEV) [N/y/?] n
mesg (1.4 kb) (MESG) [N/y/?] n
mke2fs (10 kb) (MKE2FS) [N/y/?] n
mkfs.ext2 (10 kb) (MKFS_EXT2) [N/y/?] n
mkfs.minix (10 kb) (MKFS_MINIX) [N/y/?] n
mkfs_reiser (MKFS_REISER) [N/y/?] n
mkdosfs (7.2 kb) (MKDOSFS) [N/y/?] n
mkfs.vfat (7.2 kb) (MKFS_VFAT) [N/y/?] n
mkswap (6.3 kb) (MKSWAP) [N/y/?] n
more (7 kb) (MORE) [N/y/?] n
mount (23 kb) (MOUNT) [Y/n/?] y
  Support -f (fake mount) (FEATURE_MOUNT_FAKE) [N/y/?] n
  Support -v (verbose) (FEATURE_MOUNT_VERBOSE) [N/y/?] n
  Support mount helpers (FEATURE_MOUNT_HELPERS) [N/y/?] n
  Support specifying devices by label or UUID (FEATURE_MOUNT_LABEL) [N/y/?] n
  Support mounting NFS file systems on Linux < 2.6.23 (FEATURE_MOUNT_NFS) [N/y/?] n
  Support mounting CIFS/SMB file systems (FEATURE_MOUNT_CIFS) [N/y/?] n
  Support lots of -o flags (FEATURE_MOUNT_FLAGS) [N/y/?] n
  Support /etc/fstab and -a (mount all) (FEATURE_MOUNT_FSTAB) [N/y/?] n
mountpoint (4.9 kb) (MOUNTPOINT) [N/y/?] n
nsenter (6.5 kb) (NSENTER) [N/y/?] n
pivot_root (1.1 kb) (PIVOT_ROOT) [N/y/?] n
rdate (5.6 kb) (RDATE) [N/y/?] n
rdev (1.8 kb) (RDEV) [N/y/?] n
readprofile (7.1 kb) (READPROFILE) [N/y/?] n
renice (4.2 kb) (RENICE) [N/y/?] n
rev (4.4 kb) (REV) [N/y/?] n
rtcwake (6.8 kb) (RTCWAKE) [N/y/?] n
script (8.6 kb) (SCRIPT) [N/y/?] n
scriptreplay (2.4 kb) (SCRIPTREPLAY) [N/y/?] n
setarch (3.6 kb) (SETARCH) [N/y/?] n
linux32 (3.3 kb) (LINUX32) [N/y/?] n
linux64 (3.3 kb) (LINUX64) [N/y/?] n
setpriv (6.6 kb) (SETPRIV) [N/y/?] n
setsid (3.6 kb) (SETSID) [Y/n/?] y
swapon (15 kb) (SWAPON) [N/y/?] n
swapoff (14 kb) (SWAPOFF) [N/y] n
switch_root (5.5 kb) (SWITCH_ROOT) [N/y/?] n
taskset (4.2 kb) (TASKSET) [N/y/?] n
uevent (3.1 kb) (UEVENT) [N/y/?] n
umount (5.1 kb) (UMOUNT) [N/y/?] n
unshare (7.2 kb) (UNSHARE) [N/y/?] n
*
* Common options for mount/umount
*
Support loopback mounts (FEATURE_MOUNT_LOOP) [N/y/?] n
Support old /etc/mtab file (FEATURE_MTAB_SUPPORT) [N/y/?] n
*
* Miscellaneous Utilities
*
adjtimex (4.7 kb) (ADJTIMEX) [N/y/?] n
ascii (ASCII) [N/y/?] n
bbconfig (9.7 kb) (BBCONFIG) [N/y/?] n
bc (45 kb) (BC) [N/y/?] n
dc (36 kb) (DC) [N/y/?] n
beep (2.4 kb) (BEEP) [N/y/?] n
chat (6.3 kb) (CHAT) [N/y/?] n
conspy (10 kb) (CONSPY) [N/y/?] n
crond (14 kb) (CROND) [N/y/?] n
crontab (10 kb) (CRONTAB) [N/y/?] n
devfsd (obsolete) (DEVFSD) [N/y/?] n
Use devfs names for all devices (obsolete) (FEATURE_DEVFS) [N/y/?] n
devmem (2.5 kb) (DEVMEM) [N/y/?] n
fbsplash (26 kb) (FBSPLASH) [N/y/?] n
flash_eraseall (5.9 kb) (FLASH_ERASEALL) [N/y/?] n
flash_lock (2.1 kb) (FLASH_LOCK) [N/y/?] n
flash_unlock (1.3 kb) (FLASH_UNLOCK) [N/y/?] n
flashcp (5.3 kb) (FLASHCP) [N/y/?] n
hdparm (25 kb) (HDPARM) [N/y/?] n
hexedit (21 kb) (HEXEDIT) [N/y/?] n
i2cget (5.5 kb) (I2CGET) [N/y/?] n
i2cset (6.7 kb) (I2CSET) [N/y/?] n
i2cdump (7.1 kb) (I2CDUMP) [N/y/?] n
i2cdetect (7.1 kb) (I2CDETECT) [N/y/?] n
i2ctransfer (4.0 kb) (I2CTRANSFER) [N/y/?] n
inotifyd (3.6 kb) (INOTIFYD) [N/y/?] n
less (16 kb) (LESS) [N/y/?] n
lsscsi (2.5 kb) (LSSCSI) [N/y/?] n
makedevs (9.2 kb) (MAKEDEVS) [N/y/?] n
man (26 kb) (MAN) [N/y/?] n
microcom (5.7 kb) (MICROCOM) [N/y/?] n
mt (2.5 kb) (MT) [N/y/?] n
nandwrite (4.8 kb) (NANDWRITE) [N/y/?] n
nanddump (5.2 kb) (NANDDUMP) [N/y/?] n
partprobe (3.5 kb) (PARTPROBE) [N/y/?] n
raidautorun (1.3 kb) (RAIDAUTORUN) [N/y/?] n
rfkill (4.4 kb) (RFKILL) [N/y/?] n
rx (2.9 kb) (RX) [N/y/?] n
seedrng (1.3 kb) (SEEDRNG) [N/y/?] n
setfattr (3.7 kb) (SETFATTR) [N/y/?] n
setserial (6.9 kb) (SETSERIAL) [N/y/?] n
strings (4.6 kb) (STRINGS) [N/y/?] n
time (6.8 kb) (TIME) [N/y/?] n
tree (0.6 kb) (TREE) [N/y/?] n
ts (450 bytes) (TS) [N/y] n
ttysize (432 bytes) (TTYSIZE) [N/y/?] n
ubiattach (4.2 kb) (UBIATTACH) [N/y/?] n
ubidetach (4.1 kb) (UBIDETACH) [N/y/?] n
ubimkvol (5.3 kb) (UBIMKVOL) [N/y/?] n
ubirmvol (4.9 kb) (UBIRMVOL) [N/y/?] n
ubirsvol (4.2 kb) (UBIRSVOL) [N/y/?] n
ubiupdatevol (5.2 kb) (UBIUPDATEVOL) [N/y/?] n
ubirename (2.4 kb) (UBIRENAME) [N/y/?] n
volname (1.6 kb) (VOLNAME) [N/y/?] n
watchdog (5.3 kb) (WATCHDOG) [N/y/?] n
*
* Networking Utilities
*
Enable IPv6 support (FEATURE_IPV6) [N/y/?] n
Enable Unix domain socket support (usually not needed) (FEATURE_UNIX_LOCAL) [N/y/?] n
Verbose resolution errors (VERBOSE_RESOLUTION_ERRORS) [N/y/?] n
Support /etc/networks (FEATURE_ETC_NETWORKS) [N/y/?] n
Consult /etc/services even for well-known ports (FEATURE_ETC_SERVICES) [N/y/?] n
Support infiniband HW (FEATURE_HWIB) [N/y/?] n
arp (10 kb) (ARP) [N/y/?] n
arping (9 kb) (ARPING) [N/y/?] n
brctl (4.7 kb) (BRCTL) [N/y/?] n
dnsd (9.8 kb) (DNSD) [N/y/?] n
ether-wake (4.9 kb) (ETHER_WAKE) [N/y/?] n
ftpd (30 kb) (FTPD) [N/y/?] n
ftpget (7.8 kb) (FTPGET) [N/y/?] n
ftpput (7.5 kb) (FTPPUT) [N/y/?] n
hostname (5.5 kb) (HOSTNAME) [N/y/?] n
dnsdomainname (3.6 kb) (DNSDOMAINNAME) [N/y/?] n
httpd (32 kb) (HTTPD) [N/y/?] n
ifconfig (12 kb) (IFCONFIG) [N/y/?] n
ifenslave (13 kb) (IFENSLAVE) [N/y/?] n
ifplugd (10 kb) (IFPLUGD) [N/y/?] n
ifup (14 kb) (IFUP) [N/y/?] n
ifdown (13 kb) (IFDOWN) [N/y/?] n
inetd (18 kb) (INETD) [N/y/?] n
ip (35 kb) (IP) [N/y/?] n
ipaddr (14 kb) (IPADDR) [N/y/?] n
iplink (17 kb) (IPLINK) [N/y/?] n
iproute (15 kb) (IPROUTE) [N/y/?] n
iptunnel (9.6 kb) (IPTUNNEL) [N/y/?] n
iprule (10 kb) (IPRULE) [N/y/?] n
ipneigh (8.3 kb) (IPNEIGH) [N/y/?] n
ipcalc (4.4 kb) (IPCALC) [N/y/?] n
fakeidentd (8.7 kb) (FAKEIDENTD) [N/y/?] n
nameif (6.6 kb) (NAMEIF) [N/y/?] n
nbd-client (6 kb) (NBDCLIENT) [N/y/?] n
nc (11 kb) (NC) [N/y/?] n
netcat (11 kb) (NETCAT) [N/y/?] n
netstat (10 kb) (NETSTAT) [N/y/?] n
nslookup (9.7 kb) (NSLOOKUP) [N/y/?] n
ntpd (22 kb) (NTPD) [N/y/?] n
ping (10 kb) (PING) [N/y/?] n
pscan (6 kb) (PSCAN) [N/y/?] n
route (8.7 kb) (ROUTE) [N/y/?] n
slattach (6.2 kb) (SLATTACH) [N/y/?] n
ssl_client (25 kb) (SSL_CLIENT) [N/y/?] n
tc (8.3 kb) (TC) [N/y/?] n
tcpsvd (14 kb) (TCPSVD) [N/y/?] n
udpsvd (13 kb) (UDPSVD) [N/y/?] n
telnet (8.8 kb) (TELNET) [N/y/?] n
telnetd (12 kb) (TELNETD) [N/y/?] n
tftp (11 kb) (TFTP) [N/y/?] n
tftpd (10 kb) (TFTPD) [N/y/?] n
traceroute (11 kb) (TRACEROUTE) [N/y/?] n
tunctl (6.2 kb) (TUNCTL) [N/y/?] n
vconfig (2.3 kb) (VCONFIG) [N/y/?] n
wget (38 kb) (WGET) [N/y/?] n
whois (6.3 kb) (WHOIS) [N/y/?] n
zcip (8.4 kb) (ZCIP) [N/y/?] n
udhcpd (21 kb) (UDHCPD) [N/y/?] n
dumpleases (5.1 kb) (DUMPLEASES) [N/y/?] n
dhcprelay (5.2 kb) (DHCPRELAY) [N/y/?] n
udhcpc (24 kb) (UDHCPC) [N/y/?] n
*
* Print Utilities
*
lpd (5.5 kb) (LPD) [N/y/?] n
lpr (9.9 kb) (LPR) [N/y/?] n
lpq (9.9 kb) (LPQ) [N/y/?] n
*
* Mail Utilities
*
makemime (5.4 kb) (MAKEMIME) [N/y/?] n
popmaildir (10 kb) (POPMAILDIR) [N/y/?] n
reformime (7.5 kb) (REFORMIME) [N/y/?] n
sendmail (14 kb) (SENDMAIL) [N/y/?] n
*
* Process Utilities
*
Faster /proc scanning code (+100 bytes) (FEATURE_FAST_TOP) [N/y/?] n
free (3.1 kb) (FREE) [N/y/?] n
fuser (7 kb) (FUSER) [N/y/?] n
iostat (7.6 kb) (IOSTAT) [N/y/?] n
kill (3.1 kb) (KILL) [N/y/?] n
killall (5.6 kb) (KILLALL) [N/y/?] n
killall5 (5.3 kb) (KILLALL5) [N/y/?] n
lsof (3.4 kb) (LSOF) [N/y/?] n
mpstat (9.8 kb) (MPSTAT) [N/y/?] n
nmeter (11 kb) (NMETER) [N/y/?] n
pgrep (6.5 kb) (PGREP) [N/y/?] n
pkill (7.5 kb) (PKILL) [N/y/?] n
pidof (6.3 kb) (PIDOF) [N/y/?] n
pmap (6 kb) (PMAP) [N/y/?] n
powertop (9.6 kb) (POWERTOP) [N/y/?] n
ps (11 kb) (PS) [N/y/?] n
pstree (9.3 kb) (PSTREE) [N/y/?] n
pwdx (3.7 kb) (PWDX) [N/y/?] n
smemcap (2.5 kb) (SMEMCAP) [N/y/?] n
sysctl (7.4 kb) (BB_SYSCTL) [N/y/?] n
top (18 kb) (TOP) [N/y/?] n
uptime (3.7 kb) (UPTIME) [N/y/?] n
watch (4.4 kb) (WATCH) [N/y/?] n
*
* Runit Utilities
*
chpst (9 kb) (CHPST) [N/y/?] n
setuidgid (4 kb) (SETUIDGID) [N/y/?] n
envuidgid (3.9 kb) (ENVUIDGID) [N/y/?] n
envdir (2.5 kb) (ENVDIR) [N/y/?] n
softlimit (4.5 kb) (SOFTLIMIT) [N/y/?] n
runsv (7.8 kb) (RUNSV) [N/y/?] n
runsvdir (6.3 kb) (RUNSVDIR) [N/y/?] n
sv (8.5 kb) (SV) [N/y/?] n
svc (8.4 kb) (SVC) [N/y/?] n
svok (1.5 kb) (SVOK) [N/y/?] n
svlogd (16 kb) (SVLOGD) [N/y/?] n
*
* Shells
*
Choose which shell is aliased to 'sh' name
> 1. ash (SH_IS_ASH)
  2. hush (SH_IS_HUSH)
  3. none (SH_IS_NONE)
choice[1-3?]: 1
Choose which shell is aliased to 'bash' name
  1. ash (BASH_IS_ASH)
  2. hush (BASH_IS_HUSH)
> 3. none (BASH_IS_NONE)
choice[1-3?]: 3
ash (78 kb) (ASH) [Y/n/?] y
  Optimize for size instead of speed (ASH_OPTIMIZE_FOR_SIZE) [N/y] n
  Use internal glob() implementation (ASH_INTERNAL_GLOB) [N/y/?] n
  bash-compatible extensions (ASH_BASH_COMPAT) [N/y] n
  Job control (ASH_JOB_CONTROL) [Y/n] y
  Alias support (ASH_ALIAS) [N/y] n
  Pseudorandom generator and $RANDOM variable (ASH_RANDOM_SUPPORT) [N/y/?] n
  Expand prompt string (ASH_EXPAND_PRMT) [N/y/?] n
  Idle timeout variable $TMOUT (ASH_IDLE_TIMEOUT) [N/y/?] n
  Check for new mail in interactive shell (ASH_MAIL) [N/y/?] n
  echo builtin (ASH_ECHO) [N/y] n
  printf builtin (ASH_PRINTF) [N/y] n
  test builtin (ASH_TEST) [N/y] n
  sleep builtin (ASH_SLEEP) [N/y] n
  help builtin (ASH_HELP) [N/y] n
  getopts builtin (ASH_GETOPTS) [N/y] n
  command builtin (ASH_CMDCMD) [N/y/?] n
cttyhack (2.4 kb) (CTTYHACK) [Y/n/?] y
hush (68 kb) (HUSH) [N/y/?] n
Internal shell for embedded script support (SHELL_HUSH) [N/y] n
*
* Options common to all shells
*
POSIX math support (FEATURE_SH_MATH) [N/y/?] n
Hide message on interactive shell startup (FEATURE_SH_EXTRA_QUIET) [N/y/?] n
Standalone shell (FEATURE_SH_STANDALONE) [N/y/?] n
Run 'nofork' applets directly (FEATURE_SH_NOFORK) [N/y/?] n
read -t N.NNN support (+110 bytes) (FEATURE_SH_READ_FRAC) [N/y/?] n
Use $HISTFILESIZE (FEATURE_SH_HISTFILESIZE) [N/y/?] n
Embed scripts in the binary (FEATURE_SH_EMBEDDED_SCRIPTS) [N/y/?] n
*
* System Logging Utilities
*
klogd (5.7 kb) (KLOGD) [N/y/?] n
logger (6.3 kb) (LOGGER) [N/y/?] n
logread (4.8 kb) (LOGREAD) [N/y/?] n
syslogd (13 kb) (SYSLOGD) [N/y/?] n
