  SPLIT   include/autoconf.h -> include/config/*
  GEN     include/bbconfigopts.h
  GEN     include/common_bufsiz.h
  GEN     include/embedded_scripts.h
  HOSTCC  applets/usage
  HOSTCC  applets/applet_tables
applets/usage.c: In function ‘main’:
applets/usage.c:52:17: warning: ignoring return value of ‘write’ declared with attribute ‘warn_unused_result’ [-Wunused-result]
   52 |                 write(STDOUT_FILENO, usage_array[i].usage, strlen(usage_array[i].usage) + 1);
      |                 ^~~~~~~~~~~~~~~~~~~~~~~~~~~~~~~~~~~~~~~~~~~~~~~~~~~~~~~~~~~~~~~~~~~~~~~~~~~~
  GEN     include/usage_compressed.h
  GEN     include/applet_tables.h include/NUM_APPLETS.h
  GEN     include/applet_tables.h include/NUM_APPLETS.h
  CC      applets/applets.o
  HOSTCC  applets/usage_pod
  LD      applets/built-in.o
  DOC     busybox.pod
  DOC     BusyBox.txt
  DOC     busybox.1
  DOC     BusyBox.html
  LD      archival/built-in.o
  AR      archival/lib.a
  LD      archival/libarchive/built-in.o
  CC      archival/libarchive/common.o
  CC      archival/libarchive/data_align.o
  CC      archival/libarchive/data_extract_all.o
  CC      archival/libarchive/data_extract_to_stdout.o
  CC      archival/libarchive/data_skip.o
  LD      console-tools/built-in.o
  AR      console-tools/lib.a
  LD      coreutils/built-in.o
  CC      coreutils/cat.o
  CC      archival/libarchive/filter_accept_all.o
  LD      coreutils/libcoreutils/built-in.o
  AR      coreutils/libcoreutils/lib.a
  CC      archival/libarchive/filter_accept_list.o
archival/libarchive/data_extract_all.c: In function ‘data_extract_all’:
archival/libarchive/data_extract_all.c:235:25: warning: ignoring return value of ‘chown’ declared with attribute ‘warn_unused_result’ [-Wunused-result]
  235 |                         chown(dst_name, uid, gid);
      |                         ^~~~~~~~~~~~~~~~~~~~~~~~~
  CC      coreutils/echo.o
  CC      archival/libarchive/filter_accept_reject_list.o
  CC      archival/libarchive/find_list_entry.o
  CC      coreutils/ls.o
  CC      archival/libarchive/header_list.o
  CC      coreutils/mkdir.o
  CC      archival/libarchive/header_skip.o
  LD      debianutils/built-in.o
  AR      debianutils/lib.a
  CC      archival/libarchive/header_verbose_list.o
  CC      archival/libarchive/init_handle.o
  CC      archival/libarchive/seek_by_jump.o
  CC      archival/libarchive/seek_by_read.o
  CC      coreutils/readlink.o
  LD      klibc-utils/built-in.o
  AR      klibc-utils/lib.a
  CC      archival/libarchive/unsafe_symlink_target.o
  LD      e2fsprogs/built-in.o
  AR      e2fsprogs/lib.a
  LD      editors/built-in.o
  AR      editors/lib.a
  LD      findutils/built-in.o
  CC      findutils/grep.o
  LD      init/built-in.o
  AR      init/lib.a
  CC      coreutils/sleep.o
  LD      libbb/built-in.o
  CC      libbb/appletlib.o
  CC      libbb/ask_confirmation.o
  CC      coreutils/uname.o
  CC      libbb/auto_string.o
  LD      libpwdgrp/built-in.o
  CC      libpwdgrp/uidgid_get.o
  AR      archival/libarchive/lib.a
  LD      loginutils/built-in.o
  AR      loginutils/lib.a
  LD      mailutils/built-in.o
  AR      mailutils/lib.a
  LD      miscutils/built-in.o
  AR      miscutils/lib.a
  LD      modutils/built-in.o
  AR      modutils/lib.a
  CC      libbb/bb_askpass.o
  LD      networking/built-in.o
  CC      libbb/bb_bswap_64.o
  LD      networking/libiproute/built-in.o
  AR      networking/lib.a
  AR      networking/libiproute/lib.a
  CC      libbb/bb_cat.o
  LD      networking/udhcp/built-in.o
  AR      coreutils/lib.a
  AR      libpwdgrp/lib.a
  AR      networking/udhcp/lib.a
  LD      printutils/built-in.o
  AR      printutils/lib.a
  CC      libbb/bb_do_delay.o
  CC      libbb/bb_getgroups.o
  LD      procps/built-in.o
  CC      libbb/bb_getsockname.o
  CC      procps/kill.o
  AR      findutils/lib.a
  LD      runit/built-in.o
  AR      runit/lib.a
  LD      selinux/built-in.o
  AR      selinux/lib.a
  CC      libbb/bb_pwd.o
  LD      shell/built-in.o
  CC      shell/ash.o
  CC      shell/ash_ptr_hack.o
  CC      libbb/bb_qsort.o
  CC      shell/cttyhack.o
  CC      libbb/bb_strtonum.o
  CC      shell/shell_common.o
  CC      libbb/change_identity.o
  AR      procps/lib.a
  LD      sysklogd/built-in.o
  AR      sysklogd/lib.a
  LD      util-linux/built-in.o
  CC      util-linux/dmesg.o
  CC      libbb/chomp.o
  CC      util-linux/hexdump.o
  CC      libbb/common_bufsiz.o
  CC      util-linux/mount.o
  CC      util-linux/setsid.o
  CC      libbb/compare_string_array.o
  CC      libbb/concat_path_file.o
  CC      libbb/concat_subpath_file.o
  LD      util-linux/volume_id/built-in.o
  AR      util-linux/volume_id/lib.a
  CC      libbb/const_hack.o
  CC      libbb/copy_file.o
  CC      libbb/copyfd.o
  CC      libbb/crc32.o
  CC      libbb/default_error_retval.o
  CC      libbb/device_open.o
  CC      libbb/dump.o
  AR      util-linux/lib.a
  CC      libbb/duration.o
  CC      libbb/endofname.o
  CC      libbb/executable.o
  CC      libbb/fclose_nonstdin.o
  CC      libbb/fflush_stdout_and_exit.o
  CC      libbb/fgets_str.o
  CC      libbb/find_mount_point.o
  CC      libbb/find_pid_by_name.o
  CC      libbb/find_root_device.o
  CC      libbb/full_write.o
  CC      libbb/get_console.o
  CC      libbb/get_last_path_component.o
  CC      libbb/get_line_from_file.o
  CC      libbb/get_shell_name.o
  CC      libbb/get_volsize.o
  CC      libbb/getopt32.o
  CC      libbb/getopt_allopts.o
  CC      libbb/getpty.o
  CC      libbb/hash_md5_sha.o
  AS      libbb/hash_md5_sha256_x86-32_shaNI.o
  AS      libbb/hash_md5_sha256_x86-64_shaNI.o
  AS      libbb/hash_md5_sha_x86-32_shaNI.o
  AS      libbb/hash_md5_sha_x86-64.o
  AS      libbb/hash_md5_sha_x86-64_shaNI.o
  CC      libbb/herror_msg.o
  CC      libbb/human_readable.o
  CC      libbb/inet_common.o
  CC      libbb/inode_hash.o
  CC      libbb/isdirectory.o
  CC      libbb/isqrt.o
  CC      libbb/iterate_on_dir.o
  CC      libbb/kernel_version.o
  CC      libbb/last_char_is.o
  CC      libbb/lineedit.o
  CC      libbb/lineedit_ptr_hack.o
  CC      libbb/llist.o
  CC      libbb/login.o
  CC      libbb/make_directory.o
  CC      libbb/makedev.o
  CC      libbb/match_fstype.o
  CC      libbb/messages.o
  CC      libbb/missing_syscalls.o
  CC      libbb/mode_string.o
  CC      libbb/nuke_str.o
  CC      libbb/parse_config.o
  CC      libbb/parse_mode.o
  CC      libbb/percent_decode.o
  CC      libbb/perror_msg.o
  CC      libbb/perror_nomsg.o
  CC      libbb/perror_nomsg_and_die.o
  CC      libbb/pidfile.o
  CC      libbb/platform.o
  CC      libbb/print_flags.o
  CC      libbb/print_numbered_lines.o
  CC      libbb/printable.o
  CC      libbb/printable_string.o
  CC      libbb/process_escape_sequence.o
  CC      libbb/procps.o
  CC      libbb/progress.o
  CC      libbb/ptr_to_globals.o
  CC      libbb/read.o
  CC      libbb/read_key.o
  CC      libbb/read_printf.o
  CC      libbb/recursive_action.o
  CC      libbb/remove_file.o
  CC      libbb/replace.o
  CC      libbb/run_shell.o
  CC      libbb/safe_gethostname.o
  CC      libbb/safe_poll.o
  CC      libbb/safe_strncpy.o
  CC      libbb/safe_write.o
  CC      libbb/securetty.o
  CC      libbb/setup_environment.o
  CC      libbb/signals.o
  CC      libbb/simplify_path.o
  CC      libbb/single_argv.o
  CC      libbb/skip_whitespace.o
  CC      libbb/speed_table.o
  CC      libbb/str_tolower.o
  CC      libbb/strrstr.o
  CC      libbb/sysconf.o
  CC      libbb/time.o
  CC      libbb/trim.o
  CC      libbb/u_signal_names.o
  CC      libbb/ubi.o
  CC      libbb/uuencode.o
  CC      libbb/verror_msg.o
  CC      libbb/vfork_daemon_rexec.o
  CC      libbb/warn_ignoring_args.o
  CC      libbb/wfopen.o
  CC      libbb/wfopen_input.o
  CC      libbb/write.o
  CC      libbb/xatonum.o
  CC      libbb/xconnect.o
  CC      libbb/xfunc_die.o
  CC      libbb/xfuncs.o
  CC      libbb/xfuncs_printf.o
  CC      libbb/xgetcwd.o
  CC      libbb/xgethostbyname.o
  CC      libbb/xreadlink.o
  CC      libbb/xrealloc_vector.o
  CC      libbb/xregcomp.o
  AR      shell/lib.a
  AR      libbb/lib.a
  LINK    busybox_unstripped
Static linking against glibc, can't use --gc-sections
Trying libraries: m rt
 Library m is not needed, excluding it
 Library rt is not needed, excluding it
Final link with: <none>
