make: Entering directory '/home/sx/projects/rtctrl-platform/third_party/linux-rk3588'
make[1]: Entering directory '/home/sx/projects/rtctrl-platform/.deps/kernel/aiot-3568pq-firstboot-final-config'
  GEN     Makefile
  CALL    /home/sx/projects/rtctrl-platform/third_party/linux-rk3588/scripts/atomic/check-atomics.sh
  CALL    /home/sx/projects/rtctrl-platform/third_party/linux-rk3588/scripts/checksyscalls.sh
  CC      init/main.o
  CHK     include/generated/compile.h
  CC      init/do_mounts.o
  CC      init/do_mounts_rd.o
  CC      init/do_mounts_initrd.o
  CC      init/initramfs.o
  CC      init/calibrate.o
  UPD     include/generated/compile.h
  CC      init/init_task.o
  HOSTCC  usr/gen_init_cpio
  OBJCOPY arch/arm64/kernel/vdso/vdso.so
  AS      arch/arm64/kernel/vdso/vdso.o
  AR      arch/arm64/kernel/vdso/built-in.a
  CC      arch/arm64/kernel/probes/uprobes.o
  GEN     usr/initramfs_data.cpio
  SHIPPED usr/initramfs_inc_data
  AS      usr/initramfs_data.o
  AS      arch/arm64/kernel/head.o
  AR      usr/built-in.a
  LDS     arch/arm64/kernel/vmlinux.lds
  CC      arch/arm64/kernel/probes/decode-insn.o
  CC      arch/arm64/kernel/probes/simulate-insn.o
  CC      init/version.o
  CC      arch/arm64/kernel/debug-monitors.o
  AS      arch/arm64/kernel/entry.o
  CC      arch/arm64/kernel/irq.o
  CC      arch/arm64/mm/dma-mapping.o
  CC      kernel/sched/core.o
  CC      kernel/sched/loadavg.o
  AR      arch/arm64/kernel/probes/built-in.a
  CC      kernel/sched/clock.o
  AR      init/built-in.a
  CC      kernel/sched/cputime.o
  CC      certs/system_keyring.o
  EXTRACT_CERTS   
  CC      arch/arm64/kernel/fpsimd.o
  CC      kernel/locking/semaphore.o
  CC      arch/arm64/mm/extable.o
  CC      certs/common.o
  CC      arch/arm64/mm/fault.o
  AS      certs/system_certificates.o
  AR      certs/built-in.a
  CC      kernel/power/qos.o
  CC      kernel/locking/rwsem.o
  CC      kernel/locking/percpu-rwsem.o
  CC      mm/filemap.o
  CC      arch/arm64/kernel/entry-common.o
  CC      mm/mempool.o
  CC      mm/oom_kill.o
  CC      arch/arm64/mm/init.o
  CC      kernel/power/main.o
  CC      kernel/locking/spinlock.o
  AS      arch/arm64/kernel/entry-fpsimd.o
  CC      kernel/power/console.o
  CC      arch/arm64/kernel/process.o
  CC      kernel/locking/qspinlock.o
  AS      arch/arm64/mm/cache.o
  CC      arch/arm64/mm/copypage.o
  CC      kernel/locking/rtmutex.o
  CC      kernel/locking/mutex.o
  CC      kernel/power/process.o
  CC      arch/arm64/mm/flush.o
  CC      arch/arm64/mm/ioremap.o
  CC      arch/arm64/kernel/ptrace.o
  CC      kernel/power/suspend.o
  CC      kernel/power/poweroff.o
  CC      arch/arm64/mm/mmap.o
  CC      arch/arm64/mm/pgd.o
  CC      kernel/locking/osq_lock.o
  CC      kernel/printk/printk.o
  CC      mm/fadvise.o
  CC      kernel/locking/qrwlock.o
  CC      mm/maccess.o
  CC      arch/arm64/mm/mmu.o
  AR      kernel/locking/built-in.a
  CC      arch/arm64/mm/context.o
  CC      kernel/power/wakeup_reason.o
  CC      arch/arm64/kernel/setup.o
  CC      arch/arm64/kernel/signal.o
  CC      mm/page-writeback.o
/home/sx/projects/rtctrl-platform/third_party/linux-rk3588/kernel/sched/core.c: In function 'drain_rq_cpu_stop':
/home/sx/projects/rtctrl-platform/third_party/linux-rk3588/kernel/sched/core.c:7775:9: error: implicit declaration of function 'migrate_tasks'; did you mean 'migrate_pages'? [-Werror=implicit-function-declaration]
 7775 |         migrate_tasks(rq, &rf, false);
      |         ^~~~~~~~~~~~~
      |         migrate_pages
cc1: all warnings being treated as errors
make[3]: *** [/home/sx/projects/rtctrl-platform/third_party/linux-rk3588/scripts/Makefile.build:273: kernel/sched/core.o] Error 1
make[2]: *** [/home/sx/projects/rtctrl-platform/third_party/linux-rk3588/scripts/Makefile.build:516: kernel/sched] Error 2
make[2]: *** Waiting for unfinished jobs....
  CC      mm/readahead.o
  CC      kernel/printk/printk_ringbuffer.o
  AS      arch/arm64/mm/proc.o
  CC      arch/arm64/kernel/sys.o
  AR      kernel/power/built-in.a
  CC      arch/arm64/kernel/stacktrace.o
  CC      arch/arm64/mm/pageattr.o
  CC      arch/arm64/kernel/time.o
  AR      kernel/printk/built-in.a
  CC      mm/swap.o
  CC      arch/arm64/kernel/traps.o
make[1]: *** [/home/sx/projects/rtctrl-platform/third_party/linux-rk3588/Makefile:1938: kernel] Error 2
make[1]: *** Waiting for unfinished jobs....
  CC      arch/arm64/kernel/io.o
  CC      mm/truncate.o
  AR      arch/arm64/mm/built-in.a
  AR      arch/arm64/net/built-in.a
  CC      mm/vmscan.o
  CC      mm/shmem.o
  CC      mm/util.o
  CC      arch/arm64/kernel/vdso.o
  CC      mm/mmzone.o
  CC      mm/vmstat.o
  AS      arch/arm64/kernel/hyp-stub.o
  CC      arch/arm64/kernel/psci.o
  CC      arch/arm64/kernel/cpu_ops.o
  CC      arch/arm64/kernel/insn.o
  CC      mm/backing-dev.o
  CC      arch/arm64/kernel/return_address.o
  CC      mm/mm_init.o
  CC      mm/percpu.o
  CC      arch/arm64/kernel/cpuinfo.o
  CC      mm/slab_common.o
  CC      arch/arm64/kernel/cpu_errata.o
  CC      mm/compaction.o
  CC      mm/vmacache.o
  CC      mm/interval_tree.o
  CC      arch/arm64/kernel/cpufeature.o
  CC      arch/arm64/kernel/alternative.o
  CC      arch/arm64/kernel/cacheinfo.o
  CC      mm/list_lru.o
  CC      mm/workingset.o
  CC      arch/arm64/kernel/smp.o
  CC      arch/arm64/kernel/smp_spin_table.o
  CC      arch/arm64/kernel/topology.o
  CC      mm/debug.o
  AS      arch/arm64/kernel/smccc-call.o
  CC      arch/arm64/kernel/syscall.o
  CC      arch/arm64/kernel/proton-pack.o
  CC      mm/gup.o
  CC      arch/arm64/kernel/idreg-override.o
  CC      mm/highmem.o
  CC      mm/memory.o
  CC      mm/mincore.o
  CC      arch/arm64/kernel/sys32.o
  CC      mm/mlock.o
  CC      arch/arm64/kernel/signal32.o
  CC      arch/arm64/kernel/sys_compat.o
  CC      mm/mmap.o
  AS      arch/arm64/kernel/sigreturn32.o
  AS      arch/arm64/kernel/kuser32.o
  CC      arch/arm64/kernel/ftrace.o
  CC      mm/mmu_gather.o
  AS      arch/arm64/kernel/entry-ftrace.o
  CC      mm/mprotect.o
  CC      arch/arm64/kernel/module.o
  CC      mm/mremap.o
  CC      mm/msync.o
  CC      arch/arm64/kernel/module-plts.o
  CC      mm/page_vma_mapped.o
  CC      arch/arm64/kernel/perf_regs.o
  CC      arch/arm64/kernel/perf_callchain.o
  CC      mm/pagewalk.o
  CC      arch/arm64/kernel/perf_event.o
  CC      arch/arm64/kernel/hw_breakpoint.o
  CC      mm/pgtable-generic.o
  AS      arch/arm64/kernel/sleep.o
  CC      arch/arm64/kernel/suspend.o
  CC      mm/rmap.o
  CC      mm/vmalloc.o
  CC      arch/arm64/kernel/cpuidle.o
  CC      arch/arm64/kernel/efi.o
  CC      mm/ioremap.o
  AS      arch/arm64/kernel/efi-entry.o
  CC      mm/process_vm_access.o
  CC      mm/page_alloc.o
  CC      arch/arm64/crypto/sha1-ce-glue.o
  AS      arch/arm64/kernel/efi-rt-wrapper.o
  CC      arch/arm64/kernel/pci.o
  CC      arch/arm64/kernel/armv8_deprecated.o
  CC      mm/init-mm.o
  AS      arch/arm64/crypto/sha1-ce-core.o
  CC      arch/arm64/crypto/sha2-ce-glue.o
  AS      arch/arm64/crypto/sha2-ce-core.o
  CC      arch/arm64/crypto/ghash-ce-glue.o
  AS      arch/arm64/crypto/ghash-ce-core.o
  OBJCOPY arch/arm64/kernel/efi-entry.stub.o
  AS      arch/arm64/crypto/aes-ce-core.o
  CC      mm/memblock.o
  CC      arch/arm64/crypto/aes-ce-glue.o
  CC      arch/arm64/crypto/aes-ce-ccm-glue.o
  AR      arch/arm64/kernel/built-in.a
  AS      arch/arm64/crypto/aes-ce-ccm-core.o
  CC      arch/arm64/crypto/aes-glue-ce.o
  AS      arch/arm64/crypto/aes-ce.o
  CC      mm/madvise.o
  CC      arch/arm64/crypto/sha256-glue.o
  SHIPPED arch/arm64/crypto/sha256-core.S
  CC      mm/page_io.o
  CC      mm/swap_state.o
  CC      mm/swapfile.o
  AS      arch/arm64/crypto/sha256-core.o
  CC      mm/swap_slots.o
  AR      arch/arm64/crypto/built-in.a
  AR      arch/arm64/built-in.a
  CC      mm/dmapool.o
  CC      mm/sparse.o
  CC      mm/sparse-vmemmap.o
  CC      mm/slub.o
  CC      mm/migrate.o
  CC      mm/page_isolation.o
  CC      mm/zsmalloc.o
  CC      mm/early_ioremap.o
  CC      mm/cma.o
  CC      mm/frame_vector.o
  CC      mm/memfd.o
  AR      mm/built-in.a
make[1]: Leaving directory '/home/sx/projects/rtctrl-platform/.deps/kernel/aiot-3568pq-firstboot-final-config'
make: *** [Makefile:185: __sub-make] Error 2
make: Leaving directory '/home/sx/projects/rtctrl-platform/third_party/linux-rk3588'
