{
  "checks_passed": 49,
  "checks": [
    "pmuio2 supply mapping",
    "vccio1 supply mapping",
    "vccio3 supply mapping",
    "vccio4 supply mapping",
    "vccio5 supply mapping",
    "vccio6 supply mapping",
    "vccio7 supply mapping",
    "1.8V IO supply",
    "3.1V codec IO supply",
    "DCDC_REG1 lower bound",
    "DCDC_REG2 lower bound",
    "DCDC_REG4 lower bound",
    "DDR voltage not guessed",
    "DDR supply remains on",
    "CPU regulator mapping",
    "TCS actual compatible",
    "TCS initial mode",
    "pmic_int wiring",
    "pmic_int pull/level",
    "soc_slppin_slp wiring",
    "soc_slppin_slp pull/level",
    "soc_slppin_gpio wiring",
    "soc_slppin_gpio pull/level",
    "52MHz eMMC",
    "5.10 eMMC binding",
    "eMMC controller resets retained",
    "eMMC 8bit",
    "no inferred USB power GPIO",
    "usb2-phy@fe8a0000 host supply",
    "usb2-phy@fe8b0000 host supply",
    "USB host fd800000",
    "USB host fd840000",
    "USB host fd880000",
    "USB host fd8c0000",
    "FIQ baud",
    "/serial@fdd50000 disabled",
    "/serial@fe660000 disabled",
    "/dmc disabled",
    "/rockchip-suspend disabled",
    "/gpu@fde60000 disabled",
    "/npu@fde40000 disabled",
    "/dsi@fe060000 disabled",
    "/dwmmc@fe2c0000 disabled",
    "/mipi-csi2-hw@fdfb0000 disabled",
    "/display-subsystem disabled",
    "no serial identifier",
    "initramfs only bootargs",
    "captured RAM holes retained",
    "captured FDT reservations retained"
  ],
  "board_boot_tested": false,
  "deployable": false
}
