/home/sx/projects/rtctrl-platform/.deps/kernel/aiot-3568pq-firstboot-final-dtb-v2/soc-baseline.pp.dts:623.31-626.5: Warning (unit_address_format): /reserved-memory/drm-logo@00000000: unit name should not have leading 0s
/home/sx/projects/rtctrl-platform/.deps/kernel/aiot-3568pq-firstboot-final-dtb-v2/soc-baseline.pp.dts:627.41-630.5: Warning (unit_address_format): /reserved-memory/drm-cubic-lut@00000000: unit name should not have leading 0s
/home/sx/projects/rtctrl-platform/.deps/kernel/aiot-3568pq-firstboot-final-dtb-v2/soc-baseline.pp.dts:2126.21-2160.4: Warning (avoid_unnecessary_addr_size): /dsi@fe060000: unnecessary #address-cells/#size-cells without "ranges" or child "reg" property
/home/sx/projects/rtctrl-platform/.deps/kernel/aiot-3568pq-firstboot-final-dtb-v2/soc-baseline.pp.dts:2161.21-2195.4: Warning (avoid_unnecessary_addr_size): /dsi@fe070000: unnecessary #address-cells/#size-cells without "ranges" or child "reg" property
/home/sx/projects/rtctrl-platform/.deps/kernel/aiot-3568pq-firstboot-final-dtb-v2/soc-baseline.pp.dts:1982.26-1987.4: Warning (unique_unit_address): /uio@fe010000: duplicate unit-address (also used in node /ethernet@fe010000)
/home/sx/projects/rtctrl-platform/.deps/kernel/aiot-3568pq-firstboot-final-dtb-v2/soc-baseline.pp.dts:2652.26-2657.4: Warning (unique_unit_address): /uio@fe2a0000: duplicate unit-address (also used in node /ethernet@fe2a0000)
/home/sx/projects/rtctrl-platform/.deps/kernel/aiot-3568pq-firstboot-final-dtb-v2/soc-baseline.pp.dts:623.31-626.5: Warning (unique_unit_address): /reserved-memory/drm-logo@00000000: duplicate unit-address (also used in node /reserved-memory/drm-cubic-lut@00000000)
/home/sx/projects/rtctrl-platform/.deps/kernel/aiot-3568pq-firstboot-final-dtb-v2/soc-baseline.pp.dts:2843.41-2846.5: Warning (unique_unit_address): /otp@fe38c000/npu-tsadc-trim-h@31: duplicate unit-address (also used in node /otp@fe38c000/tsadc-trim-base-frac@31)
/home/sx/projects/rtctrl-platform/.deps/kernel/aiot-3568pq-firstboot-final-dtb-v2/soc-baseline.pp.dts:3687.25-3696.5: Warning (interrupt_provider): /pinctrl/gpio0@fdd60000: Missing #address-cells in interrupt provider
/home/sx/projects/rtctrl-platform/.deps/kernel/aiot-3568pq-firstboot-final-dtb-v2/soc-baseline.pp.dts:3697.25-3706.5: Warning (interrupt_provider): /pinctrl/gpio1@fe740000: Missing #address-cells in interrupt provider
/home/sx/projects/rtctrl-platform/.deps/kernel/aiot-3568pq-firstboot-final-dtb-v2/soc-baseline.pp.dts:3707.25-3716.5: Warning (interrupt_provider): /pinctrl/gpio2@fe750000: Missing #address-cells in interrupt provider
/home/sx/projects/rtctrl-platform/.deps/kernel/aiot-3568pq-firstboot-final-dtb-v2/soc-baseline.pp.dts:3717.25-3726.5: Warning (interrupt_provider): /pinctrl/gpio3@fe760000: Missing #address-cells in interrupt provider
/home/sx/projects/rtctrl-platform/.deps/kernel/aiot-3568pq-firstboot-final-dtb-v2/soc-baseline.pp.dts:3727.25-3736.5: Warning (interrupt_provider): /pinctrl/gpio4@fe770000: Missing #address-cells in interrupt provider
/home/sx/projects/rtctrl-platform/.deps/kernel/aiot-3568pq-firstboot-final-dtb-v2/soc-baseline.pp.dts:991.10-1009.6: Warning (graph_child_address): /syscon@fdc60000/lvds/ports: graph node has single child node 'port@0', #address-cells/#size-cells are not necessary
/home/sx/projects/rtctrl-platform/.deps/kernel/aiot-3568pq-firstboot-final-dtb-v2/soc-baseline.pp.dts:1016.10-1032.6: Warning (graph_child_address): /syscon@fdc60000/lvds1/ports: graph node has single child node 'port@0', #address-cells/#size-cells are not necessary
/home/sx/projects/rtctrl-platform/.deps/kernel/aiot-3568pq-firstboot-final-dtb-v2/soc-baseline.pp.dts:1039.10-1052.6: Warning (graph_child_address): /syscon@fdc60000/rgb/ports: graph node has single child node 'port@0', #address-cells/#size-cells are not necessary
/home/sx/projects/rtctrl-platform/.deps/kernel/aiot-3568pq-firstboot-final-dtb-v2/soc-baseline.pp.dts:2141.9-2159.5: Warning (graph_child_address): /dsi@fe060000/ports: graph node has single child node 'port@0', #address-cells/#size-cells are not necessary
/home/sx/projects/rtctrl-platform/.deps/kernel/aiot-3568pq-firstboot-final-dtb-v2/soc-baseline.pp.dts:2176.9-2194.5: Warning (graph_child_address): /dsi@fe070000/ports: graph node has single child node 'port@0', #address-cells/#size-cells are not necessary
/home/sx/projects/rtctrl-platform/.deps/kernel/aiot-3568pq-firstboot-final-dtb-v2/soc-baseline.pp.dts:2213.9-2231.5: Warning (graph_child_address): /hdmi@fe0a0000/ports: graph node has single child node 'port@0', #address-cells/#size-cells are not necessary
/home/sx/projects/rtctrl-platform/.deps/kernel/aiot-3568pq-firstboot-final-dtb-v2/soc-baseline.pp.dts:2246.9-2264.5: Warning (graph_child_address): /edp@fe0c0000/ports: graph node has single child node 'port@0', #address-cells/#size-cells are not necessary
