/home/sx/projects/rtctrl-platform/.deps/kernel/aiot-3568pq-firstboot-final-dtb-v2/firstboot.pp.dts:625.31-628.5: Warning (unit_address_format): /reserved-memory/drm-logo@00000000: unit name should not have leading 0s
/home/sx/projects/rtctrl-platform/.deps/kernel/aiot-3568pq-firstboot-final-dtb-v2/firstboot.pp.dts:629.41-632.5: Warning (unit_address_format): /reserved-memory/drm-cubic-lut@00000000: unit name should not have leading 0s
/home/sx/projects/rtctrl-platform/.deps/kernel/aiot-3568pq-firstboot-final-dtb-v2/firstboot.pp.dts:2128.21-2162.4: Warning (avoid_unnecessary_addr_size): /dsi@fe060000: unnecessary #address-cells/#size-cells without "ranges" or child "reg" property
/home/sx/projects/rtctrl-platform/.deps/kernel/aiot-3568pq-firstboot-final-dtb-v2/firstboot.pp.dts:2163.21-2197.4: Warning (avoid_unnecessary_addr_size): /dsi@fe070000: unnecessary #address-cells/#size-cells without "ranges" or child "reg" property
/home/sx/projects/rtctrl-platform/.deps/kernel/aiot-3568pq-firstboot-final-dtb-v2/firstboot.pp.dts:1984.26-1989.4: Warning (unique_unit_address): /uio@fe010000: duplicate unit-address (also used in node /ethernet@fe010000)
/home/sx/projects/rtctrl-platform/.deps/kernel/aiot-3568pq-firstboot-final-dtb-v2/firstboot.pp.dts:2654.26-2659.4: Warning (unique_unit_address): /uio@fe2a0000: duplicate unit-address (also used in node /ethernet@fe2a0000)
/home/sx/projects/rtctrl-platform/.deps/kernel/aiot-3568pq-firstboot-final-dtb-v2/firstboot.pp.dts:625.31-628.5: Warning (unique_unit_address): /reserved-memory/drm-logo@00000000: duplicate unit-address (also used in node /reserved-memory/drm-cubic-lut@00000000)
/home/sx/projects/rtctrl-platform/.deps/kernel/aiot-3568pq-firstboot-final-dtb-v2/firstboot.pp.dts:2845.41-2848.5: Warning (unique_unit_address): /otp@fe38c000/npu-tsadc-trim-h@31: duplicate unit-address (also used in node /otp@fe38c000/tsadc-trim-base-frac@31)
/home/sx/projects/rtctrl-platform/.deps/kernel/aiot-3568pq-firstboot-final-dtb-v2/firstboot.pp.dts:3689.25-3698.5: Warning (interrupt_provider): /pinctrl/gpio0@fdd60000: Missing #address-cells in interrupt provider
/home/sx/projects/rtctrl-platform/.deps/kernel/aiot-3568pq-firstboot-final-dtb-v2/firstboot.pp.dts:3699.25-3708.5: Warning (interrupt_provider): /pinctrl/gpio1@fe740000: Missing #address-cells in interrupt provider
/home/sx/projects/rtctrl-platform/.deps/kernel/aiot-3568pq-firstboot-final-dtb-v2/firstboot.pp.dts:3709.25-3718.5: Warning (interrupt_provider): /pinctrl/gpio2@fe750000: Missing #address-cells in interrupt provider
/home/sx/projects/rtctrl-platform/.deps/kernel/aiot-3568pq-firstboot-final-dtb-v2/firstboot.pp.dts:3719.25-3728.5: Warning (interrupt_provider): /pinctrl/gpio3@fe760000: Missing #address-cells in interrupt provider
/home/sx/projects/rtctrl-platform/.deps/kernel/aiot-3568pq-firstboot-final-dtb-v2/firstboot.pp.dts:3729.25-3738.5: Warning (interrupt_provider): /pinctrl/gpio4@fe770000: Missing #address-cells in interrupt provider
/home/sx/projects/rtctrl-platform/.deps/kernel/aiot-3568pq-firstboot-final-dtb-v2/firstboot.pp.dts:993.10-1011.6: Warning (graph_child_address): /syscon@fdc60000/lvds/ports: graph node has single child node 'port@0', #address-cells/#size-cells are not necessary
/home/sx/projects/rtctrl-platform/.deps/kernel/aiot-3568pq-firstboot-final-dtb-v2/firstboot.pp.dts:1018.10-1034.6: Warning (graph_child_address): /syscon@fdc60000/lvds1/ports: graph node has single child node 'port@0', #address-cells/#size-cells are not necessary
/home/sx/projects/rtctrl-platform/.deps/kernel/aiot-3568pq-firstboot-final-dtb-v2/firstboot.pp.dts:1041.10-1054.6: Warning (graph_child_address): /syscon@fdc60000/rgb/ports: graph node has single child node 'port@0', #address-cells/#size-cells are not necessary
/home/sx/projects/rtctrl-platform/.deps/kernel/aiot-3568pq-firstboot-final-dtb-v2/firstboot.pp.dts:2143.9-2161.5: Warning (graph_child_address): /dsi@fe060000/ports: graph node has single child node 'port@0', #address-cells/#size-cells are not necessary
/home/sx/projects/rtctrl-platform/.deps/kernel/aiot-3568pq-firstboot-final-dtb-v2/firstboot.pp.dts:2178.9-2196.5: Warning (graph_child_address): /dsi@fe070000/ports: graph node has single child node 'port@0', #address-cells/#size-cells are not necessary
/home/sx/projects/rtctrl-platform/.deps/kernel/aiot-3568pq-firstboot-final-dtb-v2/firstboot.pp.dts:2215.9-2233.5: Warning (graph_child_address): /hdmi@fe0a0000/ports: graph node has single child node 'port@0', #address-cells/#size-cells are not necessary
/home/sx/projects/rtctrl-platform/.deps/kernel/aiot-3568pq-firstboot-final-dtb-v2/firstboot.pp.dts:2248.9-2266.5: Warning (graph_child_address): /edp@fe0c0000/ports: graph node has single child node 'port@0', #address-cells/#size-cells are not necessary
